// Jest Snapshot v1, https://goo.gl/fbAQLP

exports[`<CSVModal /> renders without crashing 1`] = `
Object {
  "asFragment": [Function],
  "baseElement": .c5 {
  display: -webkit-inline-box;
  display: -webkit-inline-flex;
  display: -ms-inline-flexbox;
  display: inline-flex;
  -webkit-align-items: center;
  -webkit-box-align: center;
  -ms-flex-align: center;
  align-items: center;
  -webkit-box-pack: center;
  -webkit-justify-content: center;
  -ms-flex-pack: center;
  justify-content: center;
  position: relative;
  box-sizing: border-box;
  -webkit-tap-highlight-color: transparent;
  background-color: transparent;
  outline: 0;
  border: 0;
  margin: 0;
  border-radius: 0;
  padding: 0;
  cursor: pointer;
  -webkit-user-select: none;
  -moz-user-select: none;
  -ms-user-select: none;
  user-select: none;
  vertical-align: middle;
  -moz-appearance: none;
  -webkit-appearance: none;
  -webkit-text-decoration: none;
  text-decoration: none;
  color: inherit;
}

.c5::-moz-focus-inner {
  border-style: none;
}

.c5.Mui-disabled {
  pointer-events: none;
  cursor: default;
}

.c6 {
  text-align: center;
  -webkit-flex: 0 0 auto;
  -ms-flex: 0 0 auto;
  flex: 0 0 auto;
  font-size: 1.5rem;
  padding: 8px;
  border-radius: 50%;
  overflow: visible;
  color: rgba(0,0,0,0.54);
  -webkit-transition: background-color 150ms cubic-bezier(0.4,0,0.2,1) 0ms;
  transition: background-color 150ms cubic-bezier(0.4,0,0.2,1) 0ms;
}

.c6:hover {
  background-color: rgba(0,0,0,0.04);
}

.c6.Mui-disabled {
  background-color: transparent;
  color: rgba(0,0,0,0.26);
}

.c4 {
  margin: 0;
  color: #080808;
  font-size: 16px;
  font-family: Source Sans Pro;
  font-weight: 600;
  line-height: 1.235;
  word-break: break-all;
}

.c9 {
  margin: 0;
  font-family: -apple-system,BlinkMacSystemFont,"Segoe UI",Roboto,Oxygen,Ubuntu,Cantarell,"Fira Sans","Droid Sans","Helvetica Neue",Source Sans Pro,sans-serif;
  font-weight: normal;
  font-size: 1rem;
  line-height: 1.5;
}

.c12 {
  margin: 0;
  font-family: -apple-system,BlinkMacSystemFont,"Segoe UI",Roboto,Oxygen,Ubuntu,Cantarell,"Fira Sans","Droid Sans","Helvetica Neue",Source Sans Pro,sans-serif;
  font-weight: normal;
  font-size: 0.875rem;
  line-height: 1.43;
  color: #686868;
  margin-top: 8px;
}

.c14 {
  margin: 0;
  font-family: -apple-system,BlinkMacSystemFont,"Segoe UI",Roboto,Oxygen,Ubuntu,Cantarell,"Fira Sans","Droid Sans","Helvetica Neue",Source Sans Pro,sans-serif;
  font-weight: normal;
  font-size: 0.875rem;
  line-height: 1.43;
  color: #00758e;
  margin-left: 12px;
}

.c2 {
  width: 400px;
  background-color: #ffffff;
  padding: 16px;
  padding-left: 0px;
  padding-right: 0px;
  padding-bottom: 0px;
  box-shadow: 0px 1px 3px rgba(0,0,0,0.2);
  padding-top: 0px;
}

.c10 {
  font-size: 14px;
  text-transform: uppercase;
  font-family: -apple-system,BlinkMacSystemFont,"Segoe UI",Roboto,Oxygen,Ubuntu,Cantarell,"Fira Sans","Droid Sans","Helvetica Neue",Source Sans Pro,sans-serif;
  font-weight: normal;
  line-height: 1.75;
  min-width: 64px;
  padding: 6px 16px;
  border-radius: 4px;
  -webkit-transition: background-color 250ms cubic-bezier(0.4,0,0.2,1) 0ms,box-shadow 250ms cubic-bezier(0.4,0,0.2,1) 0ms,border-color 250ms cubic-bezier(0.4,0,0.2,1) 0ms,color 250ms cubic-bezier(0.4,0,0.2,1) 0ms;
  transition: background-color 250ms cubic-bezier(0.4,0,0.2,1) 0ms,box-shadow 250ms cubic-bezier(0.4,0,0.2,1) 0ms,border-color 250ms cubic-bezier(0.4,0,0.2,1) 0ms,color 250ms cubic-bezier(0.4,0,0.2,1) 0ms;
  color: #fff;
  background-color: #00758e;
  box-shadow: 0px 3px 1px -2px rgba(0,0,0,0.2),0px 2px 2px 0px rgba(0,0,0,0.14),0px 1px 5px 0px rgba(0,0,0,0.12);
}

.c10:hover {
  -webkit-text-decoration: none;
  text-decoration: none;
  background-color: rgb(0,81,99);
  box-shadow: 0px 2px 4px -1px rgba(0,0,0,0.2),0px 4px 5px 0px rgba(0,0,0,0.14),0px 1px 10px 0px rgba(0,0,0,0.12);
}

.c10:active {
  box-shadow: 0px 5px 5px -3px rgba(0,0,0,0.2),0px 8px 10px 1px rgba(0,0,0,0.14),0px 3px 14px 2px rgba(0,0,0,0.12);
}

.c10.Mui-focusVisible {
  box-shadow: 0px 3px 5px -1px rgba(0,0,0,0.2),0px 6px 10px 0px rgba(0,0,0,0.14),0px 1px 18px 0px rgba(0,0,0,0.12);
}

.c10.Mui-disabled {
  color: rgba(0,0,0,0.26);
  box-shadow: none;
  background-color: rgba(0,0,0,0.12);
}

.c0 {
  position: fixed;
  z-index: 1300;
  right: 0;
  bottom: 0;
  top: 0;
  left: 0;
  display: -webkit-box;
  display: -webkit-flex;
  display: -ms-flexbox;
  display: flex;
  -webkit-align-items: center;
  -webkit-box-align: center;
  -ms-flex-align: center;
  align-items: center;
  -webkit-box-pack: center;
  -webkit-justify-content: center;
  -ms-flex-pack: center;
  justify-content: center;
}

.c1 {
  z-index: -1;
  position: fixed;
  right: 0;
  bottom: 0;
  top: 0;
  left: 0;
  background-color: rgba(0,0,0,0.5);
  -webkit-tap-highlight-color: transparent;
}

.c3 {
  padding: 12px 12px 12px 20px;
  display: -webkit-box;
  display: -webkit-flex;
  display: -ms-flexbox;
  display: flex;
  -webkit-align-items: center;
  -webkit-box-align: center;
  -ms-flex-align: center;
  align-items: center;
  -webkit-box-pack: justify;
  -webkit-justify-content: space-between;
  -ms-flex-pack: justify;
  justify-content: space-between;
  border-bottom: 1px solid #dddddd;
}

.c7 {
  padding: 20px;
  word-break: break-word;
}

.c8 {
  display: -webkit-box;
  display: -webkit-flex;
  display: -ms-flexbox;
  display: flex;
  -webkit-flex-direction: column;
  -ms-flex-direction: column;
  flex-direction: column;
  -webkit-box-pack: center;
  -webkit-justify-content: center;
  -ms-flex-pack: center;
  justify-content: center;
  -webkit-align-items: center;
  -webkit-box-align: center;
  -ms-flex-align: center;
  align-items: center;
  background-color: #f1f1f1;
  border-radius: 16px;
  padding: 32px 32px 70px;
}

.c11 {
  text-transform: none;
  width: -webkit-fit-content;
  width: -moz-fit-content;
  width: fit-content;
  margin-top: 16px;
}

.c13 {
  display: -webkit-box;
  display: -webkit-flex;
  display: -ms-flexbox;
  display: flex;
  -webkit-align-items: center;
  -webkit-box-align: center;
  -ms-flex-align: center;
  align-items: center;
  margin-top: 24px;
  cursor: pointer;
}

@media print {
  .c5 {
    color-adjust: exact;
  }
}

@media (hover:none) {
  .c6:hover {
    background-color: transparent;
  }
}

@media (hover:none) {
  .c10:hover {
    background-color: #00758e;
  }
}

<body
    style="padding-right: 1024px; overflow: hidden;"
  >
    <div
      aria-hidden="true"
    />
    <div
      class="MuiModal-root c0"
      role="presentation"
    >
      <div
        aria-hidden="true"
        class="c1"
        open=""
      />
      <div
        data-test="sentinelStart"
        tabindex="0"
      />
      <div
        class="c2 MuiBox-root"
        tabindex="-1"
      >
        <div
          class="c3"
        >
          <h4
            class="c4 MuiTypography-root MuiTypography-h4"
          >
            Add URL activities
          </h4>
          <button
            class="c5 MuiButtonBase-root c6 MuiIconButton-root MuiIconButton-sizeMedium"
            tabindex="0"
            type="button"
          >
            <svg>
              x.svg
            </svg>
          </button>
        </div>
        <div
          class="c7"
        >
          <input
            accept="text/csv, .csv, application/vnd.ms-excel"
            autocomplete="off"
            style="display: none;"
            tabindex="-1"
            type="file"
          />
          <div
            class="c8 MuiBox-root"
          >
            <p
              class="c9 MuiTypography-root MuiTypography-body1"
            >
              Upload a CSV of URLs and their titles.
            </p>
            <button
              class="c5 MuiButton-root MuiButton-contained MuiButton-containedPrimary MuiButton-sizeMedium MuiButton-containedSizeMedium MuiButtonBase-root c10 c11"
              data-testid="upload-button"
              tabindex="0"
              type="button"
            >
              Upload .csv
            </button>
            <p
              class="c12 MuiTypography-root MuiTypography-body2"
            >
              Accepted file types: csv
            </p>
            <a
              class=""
            >
              <div
                class="c13 MuiBox-root"
              >
                <svg
                  color="#00758e"
                >
                  download.svg
                </svg>
                <p
                  class="c14 MuiTypography-root MuiTypography-body2"
                  data-testid="download-link"
                >
                  Download template
                </p>
              </div>
            </a>
          </div>
        </div>
      </div>
      <div
        data-test="sentinelEnd"
        tabindex="0"
      />
    </div>
  </body>,
  "container": @media print {

}

@media (hover:none) {

}

@media (hover:none) {

}

<div
    aria-hidden="true"
  />,
  "debug": [Function],
  "findAllByAltText": [Function],
  "findAllByDisplayValue": [Function],
  "findAllByLabelText": [Function],
  "findAllByPlaceholderText": [Function],
  "findAllByRole": [Function],
  "findAllByTestId": [Function],
  "findAllByText": [Function],
  "findAllByTitle": [Function],
  "findByAltText": [Function],
  "findByDisplayValue": [Function],
  "findByLabelText": [Function],
  "findByPlaceholderText": [Function],
  "findByRole": [Function],
  "findByTestId": [Function],
  "findByText": [Function],
  "findByTitle": [Function],
  "getAllByAltText": [Function],
  "getAllByDisplayValue": [Function],
  "getAllByLabelText": [Function],
  "getAllByPlaceholderText": [Function],
  "getAllByRole": [Function],
  "getAllByTestId": [Function],
  "getAllByText": [Function],
  "getAllByTitle": [Function],
  "getByAltText": [Function],
  "getByDisplayValue": [Function],
  "getByLabelText": [Function],
  "getByPlaceholderText": [Function],
  "getByRole": [Function],
  "getByTestId": [Function],
  "getByText": [Function],
  "getByTitle": [Function],
  "queryAllByAltText": [Function],
  "queryAllByDisplayValue": [Function],
  "queryAllByLabelText": [Function],
  "queryAllByPlaceholderText": [Function],
  "queryAllByRole": [Function],
  "queryAllByTestId": [Function],
  "queryAllByText": [Function],
  "queryAllByTitle": [Function],
  "queryByAltText": [Function],
  "queryByDisplayValue": [Function],
  "queryByLabelText": [Function],
  "queryByPlaceholderText": [Function],
  "queryByRole": [Function],
  "queryByTestId": [Function],
  "queryByText": [Function],
  "queryByTitle": [Function],
  "rerender": [Function],
  "unmount": [Function],
}
`;
